../Core/Inc/VL53L4CD_RANGING.h:67:13:GET_TOF_DATA	32	static
../Core/Inc/VL53L4CD_RANGING.h:118:13:TOF_INIT	24	static
../Core/Inc/VL53L4CD_RANGING.h:165:13:SET_TOF_PIN	16	static
../Core/Inc/VL53L4CD_RANGING.h:204:13:RESET_ALL_TOF_SEN	8	static
../Core/Inc/VL53L4CD_RANGING.h:224:13:SET_OFFSET	16	static
../Core/Inc/HCSR04_RANGING.h:67:13:GET_US_DATA	16	static
../Core/Inc/HCSR04_RANGING.h:106:6:HAL_TIM_IC_CaptureCallback	24	static
../Core/Inc/HCSR04_RANGING.h:137:13:SET_US_PULSE	16	static
../Core/Inc/HCSR04_RANGING.h:159:13:RESET_ALL_US_PIN	8	static
../Core/Inc/HCSR04_RANGING.h:169:13:START_IC_TIMER	16	static
../Core/Inc/HCSR04_RANGING.h:190:6:usDelay	16	static
../Core/Src/main.c:111:5:main	24	static
../Core/Src/main.c:244:6:HAL_UART_RxCpltCallback	16	static,ignoring_inline_asm
../Core/Src/main.c:250:13:TOGGLE_PIN	24	static
../Core/Src/main.c:291:13:ENCODE_SIGN	16	static
../Core/Src/main.c:315:13:CHECK_STATE	16	static
../Core/Src/main.c:355:15:CHECK_BUTTON	16	static
../Core/Src/main.c:372:13:START_SIGNAL	24	static
../Core/Src/main.c:394:13:START_PARKING	32	static
../Core/Src/main.c:566:2:__io_putchar	16	static
../Core/Src/main.c:580:6:SystemClock_Config	96	static
../Core/Src/main.c:630:13:MX_I2C1_Init	8	static
../Core/Src/main.c:678:13:MX_TIM1_Init	56	static
../Core/Src/main.c:729:13:MX_TIM2_Init	64	static
../Core/Src/main.c:788:13:MX_TIM3_Init	64	static
../Core/Src/main.c:848:13:MX_TIM4_Init	40	static
../Core/Src/main.c:893:13:MX_TIM5_Init	56	static
../Core/Src/main.c:951:13:MX_TIM15_Init	56	static
../Core/Src/main.c:1010:13:MX_USART1_UART_Init	8	static
../Core/Src/main.c:1045:13:MX_USART2_UART_Init	8	static
../Core/Src/main.c:1078:13:MX_DMA_Init	16	static
../Core/Src/main.c:1105:13:MX_GPIO_Init	48	static
../Core/Src/main.c:1168:6:Error_Handler	4	static,ignoring_inline_asm
